// Jest Snapshot v1, https://goo.gl/fbAQLP

exports[`Layout renders correctly 1`] = `
Array [
  <header
    style={
      Object {
        "backgroundColor": "#663399",
        "marginBottom": "1.45rem",
      }
    }
  >
    <div
      className="MuiBox-root MuiBox-root-2"
      style={
        Object {
          "margin": "0 auto",
          "maxWidth": 960,
          "padding": "1.45rem",
        }
      }
    >
      <h1
        className="MuiTypography-root MuiTypography-h4"
        style={
          Object {
            "fontWeight": 700,
            "margin": "0 auto",
          }
        }
      >
        <a
          href="/"
          style={
            Object {
              "color": "#fff",
              "textDecoration": "none",
            }
          }
        >
          Test Title
        </a>
      </h1>
    </div>
  </header>,
  <div
    style={
      Object {
        "margin": "0 auto",
        "maxWidth": 960,
        "padding": "0px 1.0875rem 1.45rem",
        "paddingTop": 0,
      }
    }
  >
    <main>
      <p>
        Testing 123
      </p>
    </main>
    <footer>
      <p
        className="MuiTypography-root MuiTypography-body1"
      >
        Â© 
        2019
        , Built with 
        <a
          href="https://www.gatsbyjs.org"
        >
          Gatsby
        </a>
      </p>
    </footer>
  </div>,
]
`;
